2026-05-04 08:38:44 [restartedMain] INFO  InventoryManagementApp - Starting InventoryManagementApp using Java 21.0.4 with PID 26984 (C:\Users\Ravi\spring_practice\inventory-management-app\target\classes started by Ravi in C:\Users\Ravi\spring_practice\inventory-management-app)
2026-05-04 08:38:44 [restartedMain] INFO  InventoryManagementApp - No active profile set, falling back to 1 default profile: "default"
2026-05-04 08:38:44 [restartedMain] INFO  ChangeableUrls - The Class-Path manifest attribute in C:\Users\Ravi\.m2\repository\org\glassfish\hk2\hk2\3.0.6\hk2-3.0.6.jar referenced one or more files that do not exist: file:/C:/Users/Ravi/.m2/repository/org/glassfish/hk2/hk2/3.0.6/hk2-utils.jar,file:/C:/Users/Ravi/.m2/repository/org/glassfish/hk2/hk2/3.0.6/jakarta.annotation-api.jar,file:/C:/Users/Ravi/.m2/repository/org/glassfish/hk2/hk2/3.0.6/jakarta.inject-api.jar,file:/C:/Users/Ravi/.m2/repository/org/glassfish/hk2/hk2/3.0.6/hk2-api.jar,file:/C:/Users/Ravi/.m2/repository/org/glassfish/hk2/hk2/3.0.6/aopalliance-repackaged.jar,file:/C:/Users/Ravi/.m2/repository/org/glassfish/hk2/hk2/3.0.6/hk2-core.jar,file:/C:/Users/Ravi/.m2/repository/org/glassfish/hk2/hk2/3.0.6/hk2-locator.jar,file:/C:/Users/Ravi/.m2/repository/org/glassfish/hk2/hk2/3.0.6/javassist.jar,file:/C:/Users/Ravi/.m2/repository/org/glassfish/hk2/hk2/3.0.6/hk2-runlevel.jar,file:/C:/Users/Ravi/.m2/repository/org/glassfish/hk2/hk2/3.0.6/class-model.jar,file:/C:/Users/Ravi/.m2/repository/org/glassfish/hk2/hk2/3.0.6/asm.jar,file:/C:/Users/Ravi/.m2/repository/org/glassfish/hk2/hk2/3.0.6/asm-analysis.jar,file:/C:/Users/Ravi/.m2/repository/org/glassfish/hk2/hk2/3.0.6/asm-commons.jar,file:/C:/Users/Ravi/.m2/repository/org/glassfish/hk2/hk2/3.0.6/asm-tree.jar,file:/C:/Users/Ravi/.m2/repository/org/glassfish/hk2/hk2/3.0.6/asm-util.jar
2026-05-04 08:38:44 [restartedMain] INFO  DevToolsPropertyDefaultsPostProcessor - Devtools property defaults active! Set 'spring.devtools.add-properties' to 'false' to disable
2026-05-04 08:38:44 [restartedMain] INFO  DevToolsPropertyDefaultsPostProcessor - For additional web related logging consider setting the 'logging.level.web' property to 'DEBUG'
2026-05-04 08:38:46 [restartedMain] INFO  RepositoryConfigurationDelegate - Multiple Spring Data modules found, entering strict repository configuration mode
2026-05-04 08:38:46 [restartedMain] INFO  RepositoryConfigurationDelegate - Bootstrapping Spring Data JDBC repositories in DEFAULT mode.
2026-05-04 08:38:46 [restartedMain] INFO  RepositoryConfigurationExtensionSupport - Spring Data JDBC - Could not safely identify store assignment for repository candidate interface com.pawar.inventory.app.repository.ListenerRepository; If you want this repository to be a JDBC repository, consider annotating your entities with one of these annotations: org.springframework.data.relational.core.mapping.Table.
2026-05-04 08:38:46 [restartedMain] INFO  RepositoryConfigurationExtensionSupport - Spring Data JDBC - Could not safely identify store assignment for repository candidate interface com.pawar.inventory.app.repository.MenuAccessRepository; If you want this repository to be a JDBC repository, consider annotating your entities with one of these annotations: org.springframework.data.relational.core.mapping.Table.
2026-05-04 08:38:46 [restartedMain] INFO  RepositoryConfigurationExtensionSupport - Spring Data JDBC - Could not safely identify store assignment for repository candidate interface com.pawar.inventory.app.repository.MenuRepository; If you want this repository to be a JDBC repository, consider annotating your entities with one of these annotations: org.springframework.data.relational.core.mapping.Table.
2026-05-04 08:38:46 [restartedMain] INFO  RepositoryConfigurationExtensionSupport - Spring Data JDBC - Could not safely identify store assignment for repository candidate interface com.pawar.inventory.app.repository.PermissionRepository; If you want this repository to be a JDBC repository, consider annotating your entities with one of these annotations: org.springframework.data.relational.core.mapping.Table.
2026-05-04 08:38:46 [restartedMain] INFO  RepositoryConfigurationExtensionSupport - Spring Data JDBC - Could not safely identify store assignment for repository candidate interface com.pawar.inventory.app.repository.RolePermissionsRepository; If you want this repository to be a JDBC repository, consider annotating your entities with one of these annotations: org.springframework.data.relational.core.mapping.Table.
2026-05-04 08:38:46 [restartedMain] INFO  RepositoryConfigurationExtensionSupport - Spring Data JDBC - Could not safely identify store assignment for repository candidate interface com.pawar.inventory.app.repository.RoleRepository; If you want this repository to be a JDBC repository, consider annotating your entities with one of these annotations: org.springframework.data.relational.core.mapping.Table.
2026-05-04 08:38:46 [restartedMain] INFO  RepositoryConfigurationExtensionSupport - Spring Data JDBC - Could not safely identify store assignment for repository candidate interface com.pawar.inventory.app.repository.TransactionLogRepository; If you want this repository to be a JDBC repository, consider annotating your entities with one of these annotations: org.springframework.data.relational.core.mapping.Table.
2026-05-04 08:38:46 [restartedMain] INFO  RepositoryConfigurationDelegate - Finished Spring Data repository scanning in 75 ms. Found 0 JDBC repository interfaces.
2026-05-04 08:38:46 [restartedMain] INFO  RepositoryConfigurationDelegate - Multiple Spring Data modules found, entering strict repository configuration mode
2026-05-04 08:38:46 [restartedMain] INFO  RepositoryConfigurationDelegate - Bootstrapping Spring Data JPA repositories in DEFAULT mode.
2026-05-04 08:38:46 [restartedMain] INFO  RepositoryConfigurationDelegate - Finished Spring Data repository scanning in 74 ms. Found 7 JPA repository interfaces.
2026-05-04 08:38:47 [restartedMain] INFO  TomcatWebServer - Tomcat initialized with port(s): 8086 (http)
2026-05-04 08:38:47 [restartedMain] INFO  ServletWebServerApplicationContext - Root WebApplicationContext: initialization completed in 2793 ms
2026-05-04 08:38:47 [restartedMain] INFO  LogHelper - HHH000204: Processing PersistenceUnitInfo [name: default]
2026-05-04 08:38:47 [restartedMain] INFO  Version - HHH000412: Hibernate ORM core version 6.2.25.Final
2026-05-04 08:38:47 [restartedMain] INFO  Environment - HHH000406: Using bytecode reflection optimizer
2026-05-04 08:38:48 [restartedMain] INFO  SpringPersistenceUnitInfo - No LoadTimeWeaver setup: ignoring JPA class transformer
2026-05-04 08:38:48 [restartedMain] INFO  HikariDataSource - HikariPool-1 - Starting...
2026-05-04 08:38:49 [restartedMain] INFO  HikariPool - HikariPool-1 - Added connection com.mysql.cj.jdbc.ConnectionImpl@2882d86f
2026-05-04 08:38:49 [restartedMain] INFO  HikariDataSource - HikariPool-1 - Start completed.
2026-05-04 08:38:50 [restartedMain] INFO  JtaPlatformInitiator - HHH000489: No JTA platform available (set 'hibernate.transaction.jta.platform' to enable JTA platform integration)
2026-05-04 08:38:50 [restartedMain] INFO  LocalContainerEntityManagerFactoryBean - Initialized JPA EntityManagerFactory for persistence unit 'default'
2026-05-04 08:38:51 [restartedMain] INFO  QueryEnhancerFactory - Hibernate is in classpath; If applicable, HQL parser will be used.
2026-05-04 08:38:52 [restartedMain] INFO  ListenerServiceImpl - Enabling local Kafka listener containers for listener 'New Permission Listener' and channel 'TO.DO.NEW.PERMISSION'
2026-05-04 08:38:52 [restartedMain] INFO  ListenerServiceImpl - No local Kafka listener container found for listener 'New Permission Listener' and channel 'TO.DO.NEW.PERMISSION'; remote control is enabled, skipping local enforcement
2026-05-04 08:38:52 [restartedMain] INFO  ListenerServiceImpl - Enabling local Kafka listener containers for listener 'Update Permission Listener' and channel 'TO.DO.UPDATE.PERMISSION'
2026-05-04 08:38:52 [restartedMain] INFO  ListenerServiceImpl - No local Kafka listener container found for listener 'Update Permission Listener' and channel 'TO.DO.UPDATE.PERMISSION'; remote control is enabled, skipping local enforcement
2026-05-04 08:38:52 [restartedMain] INFO  ListenerServiceImpl - Enabling local Kafka listener containers for listener 'Delete Permission Listener' and channel 'TO.DO.DELETE.PERMISSION'
2026-05-04 08:38:52 [restartedMain] INFO  ListenerServiceImpl - No local Kafka listener container found for listener 'Delete Permission Listener' and channel 'TO.DO.DELETE.PERMISSION'; remote control is enabled, skipping local enforcement
2026-05-04 08:38:52 [restartedMain] INFO  ListenerServiceImpl - Enabling local Kafka listener containers for listener 'New Role Listener' and channel 'TO.DO.NEW.ROLE'
2026-05-04 08:38:52 [restartedMain] INFO  ListenerServiceImpl - No local Kafka listener container found for listener 'New Role Listener' and channel 'TO.DO.NEW.ROLE'; remote control is enabled, skipping local enforcement
2026-05-04 08:38:52 [restartedMain] INFO  ListenerServiceImpl - Enabling local Kafka listener containers for listener 'Update Role Listener' and channel 'TO.DO.UPDATE.ROLE'
2026-05-04 08:38:52 [restartedMain] INFO  ListenerServiceImpl - No local Kafka listener container found for listener 'Update Role Listener' and channel 'TO.DO.UPDATE.ROLE'; remote control is enabled, skipping local enforcement
2026-05-04 08:38:52 [restartedMain] INFO  ListenerServiceImpl - Enabling local Kafka listener containers for listener 'Delete Role Listener' and channel 'TO.DO.DELETE.ROLE'
2026-05-04 08:38:52 [restartedMain] INFO  ListenerServiceImpl - No local Kafka listener container found for listener 'Delete Role Listener' and channel 'TO.DO.DELETE.ROLE'; remote control is enabled, skipping local enforcement
2026-05-04 08:38:52 [restartedMain] INFO  ListenerServiceImpl - Enabling local Kafka listener containers for listener 'New Assign Role Permission Listener' and channel 'TO.DO.ASSIGN.ROLE.PERMISSION'
2026-05-04 08:38:52 [restartedMain] INFO  ListenerServiceImpl - No local Kafka listener container found for listener 'New Assign Role Permission Listener' and channel 'TO.DO.ASSIGN.ROLE.PERMISSION'; remote control is enabled, skipping local enforcement
2026-05-04 08:38:52 [restartedMain] INFO  ListenerServiceImpl - Enabling local Kafka listener containers for listener 'New Unassign Role Permission Listener' and channel 'TO.DO.UNASSIGN.ROLE.PERMISSION'
2026-05-04 08:38:52 [restartedMain] INFO  ListenerServiceImpl - No local Kafka listener container found for listener 'New Unassign Role Permission Listener' and channel 'TO.DO.UNASSIGN.ROLE.PERMISSION'; remote control is enabled, skipping local enforcement
2026-05-04 08:38:52 [restartedMain] INFO  ListenerServiceImpl - Enabling local Kafka listener containers for listener 'New ASN Integration' and channel 'WMS.ASN.DATA.INCOMING'
2026-05-04 08:38:52 [restartedMain] INFO  ListenerServiceImpl - No local Kafka listener container found for listener 'New ASN Integration' and channel 'WMS.ASN.DATA.INCOMING'; remote control is enabled, skipping local enforcement
2026-05-04 08:38:52 [restartedMain] INFO  ListenerServiceImpl - Enabling local Kafka listener containers for listener 'Cubiscan Endpoint' and channel 'WMS.ITEM.DATA.CUBISCAN'
2026-05-04 08:38:52 [restartedMain] INFO  ListenerServiceImpl - No local Kafka listener container found for listener 'Cubiscan Endpoint' and channel 'WMS.ITEM.DATA.CUBISCAN'; remote control is enabled, skipping local enforcement
2026-05-04 08:38:52 [restartedMain] INFO  ListenerServiceImpl - Enabling local Kafka listener containers for listener 'New Item Integration' and channel 'WMS.ITEM.DATA.INCOMING'
2026-05-04 08:38:52 [restartedMain] INFO  ListenerServiceImpl - No local Kafka listener container found for listener 'New Item Integration' and channel 'WMS.ITEM.DATA.INCOMING'; remote control is enabled, skipping local enforcement
2026-05-04 08:38:52 [restartedMain] WARN  JpaBaseConfiguration$JpaWebConfiguration - spring.jpa.open-in-view is enabled by default. Therefore, database queries may be performed during view rendering. Explicitly configure spring.jpa.open-in-view to disable this warning
2026-05-04 08:38:52 [restartedMain] INFO  WelcomePageHandlerMapping - Adding welcome page template: index
2026-05-04 08:38:53 [restartedMain] INFO  OptionalLiveReloadServer - LiveReload server is running on port 35729
2026-05-04 08:38:53 [restartedMain] INFO  EndpointLinksResolver - Exposing 16 endpoint(s) beneath base path '/actuator'
2026-05-04 08:38:53 [restartedMain] INFO  TomcatWebServer - Tomcat started on port(s): 8086 (http) with context path '/inventory-ui'
2026-05-04 08:38:54 [restartedMain] INFO  DefaultKafkaConsumerFactory$ExtendedKafkaConsumer - [Consumer clientId=consumer-TO.DO.NEW.ROLE-1, groupId=TO.DO.NEW.ROLE] Subscribed to topic(s): TO.DO.NEW.ROLE
2026-05-04 08:38:54 [restartedMain] INFO  DefaultKafkaConsumerFactory$ExtendedKafkaConsumer - [Consumer clientId=consumer-TO.DO.DELETE.PERMISSION-2, groupId=TO.DO.DELETE.PERMISSION] Subscribed to topic(s): TO.DO.DELETE.PERMISSION
2026-05-04 08:38:54 [restartedMain] INFO  DefaultKafkaConsumerFactory$ExtendedKafkaConsumer - [Consumer clientId=consumer-TO.DO.NEW.PERMISSION-3, groupId=TO.DO.NEW.PERMISSION] Subscribed to topic(s): TO.DO.NEW.PERMISSION
2026-05-04 08:38:54 [restartedMain] INFO  DefaultKafkaConsumerFactory$ExtendedKafkaConsumer - [Consumer clientId=consumer-TO.DO.UNASSIGN.ROLE.PERMISSION-4, groupId=TO.DO.UNASSIGN.ROLE.PERMISSION] Subscribed to topic(s): TO.DO.UNASSIGN.ROLE.PERMISSION
2026-05-04 08:38:54 [restartedMain] INFO  DefaultKafkaConsumerFactory$ExtendedKafkaConsumer - [Consumer clientId=consumer-TO.DO.ASSIGN.ROLE.PERMISSION-5, groupId=TO.DO.ASSIGN.ROLE.PERMISSION] Subscribed to topic(s): TO.DO.ASSIGN.ROLE.PERMISSION
2026-05-04 08:38:54 [restartedMain] INFO  DefaultKafkaConsumerFactory$ExtendedKafkaConsumer - [Consumer clientId=consumer-TO.DO.UPDATE.ROLE-6, groupId=TO.DO.UPDATE.ROLE] Subscribed to topic(s): TO.DO.UPDATE.ROLE
2026-05-04 08:38:54 [restartedMain] INFO  DefaultKafkaConsumerFactory$ExtendedKafkaConsumer - [Consumer clientId=consumer-TO.DO.UPDATE.PERMISSION-7, groupId=TO.DO.UPDATE.PERMISSION] Subscribed to topic(s): TO.DO.UPDATE.PERMISSION
2026-05-04 08:38:54 [restartedMain] INFO  DefaultKafkaConsumerFactory$ExtendedKafkaConsumer - [Consumer clientId=consumer-TO.DO.DELETE.ROLE-8, groupId=TO.DO.DELETE.ROLE] Subscribed to topic(s): TO.DO.DELETE.ROLE
2026-05-04 08:38:54 [restartedMain] INFO  InventoryManagementApp - Started InventoryManagementApp in 10.025 seconds (process running for 10.694)
2026-05-04 08:38:54 [restartedMain] INFO  InventoryManagementApp - ========================================================================
2026-05-04 08:38:54 [restartedMain] INFO  InventoryManagementApp -   APPLICATION STARTUP STATUS
2026-05-04 08:38:54 [restartedMain] INFO  InventoryManagementApp - ========================================================================
2026-05-04 08:38:54 [restartedMain] INFO  InventoryManagementApp -   [APP]    Name     : Inventory Management App
2026-05-04 08:38:54 [restartedMain] INFO  InventoryManagementApp -   [APP]    Port     : 8086
2026-05-04 08:38:54 [restartedMain] INFO  InventoryManagementApp -   [APP]    Context  : /inventory-ui
2026-05-04 08:38:54 [restartedMain] INFO  InventoryManagementApp -   [APP]    Profiles : default
2026-05-04 08:38:54 [restartedMain] INFO  InventoryManagementApp -   [APP]    Base URL : http://localhost:8086/inventory-ui
2026-05-04 08:38:54 [restartedMain] INFO  InventoryManagementApp -   [APP]    Actuator : http://localhost:8086/inventory-ui/actuator/health
2026-05-04 08:38:54 [restartedMain] INFO  InventoryManagementApp -   [DB]     Status   : UP
2026-05-04 08:38:54 [restartedMain] INFO  InventoryManagementApp -   [DB]     Product  : MySQL 8.0.45-0ubuntu0.22.04.1
2026-05-04 08:38:54 [restartedMain] INFO  InventoryManagementApp -   [DB]     URL      : jdbc:mysql://mysql-server.tailc9a488.ts.net:3306/menu
2026-05-04 08:38:54 [restartedMain] INFO  InventoryManagementApp -   [KAFKA]  Brokers  : 100.126.130.66:29092,100.126.130.66:29093,100.126.130.66:29094
2026-05-04 08:38:54 [restartedMain] INFO  InventoryManagementApp -   [KAFKA]  Broker   : 100.126.130.66:29092 -> REACHABLE
2026-05-04 08:38:54 [restartedMain] INFO  InventoryManagementApp -   [KAFKA]  Broker   : 100.126.130.66:29093 -> REACHABLE
2026-05-04 08:38:54 [restartedMain] INFO  InventoryManagementApp -   [KAFKA]  Broker   : 100.126.130.66:29094 -> REACHABLE
2026-05-04 08:38:54 [restartedMain] INFO  InventoryManagementApp -   [KAFKA]  Status   : UP
2026-05-04 08:38:54 [restartedMain] INFO  InventoryManagementApp - ========================================================================
2026-05-04 08:39:10 [TO.DO.DELETE.ROLE-0-C-1] INFO  DefaultKafkaConsumerFactory$ExtendedKafkaConsumer - [Consumer clientId=consumer-TO.DO.DELETE.ROLE-8, groupId=TO.DO.DELETE.ROLE] Unsubscribed all topics or patterns and assigned partitions
2026-05-04 08:39:10 [TO.DO.DELETE.PERMISSION-0-C-1] INFO  DefaultKafkaConsumerFactory$ExtendedKafkaConsumer - [Consumer clientId=consumer-TO.DO.DELETE.PERMISSION-2, groupId=TO.DO.DELETE.PERMISSION] Unsubscribed all topics or patterns and assigned partitions
2026-05-04 08:39:10 [TO.DO.UPDATE.PERMISSION-0-C-1] INFO  DefaultKafkaConsumerFactory$ExtendedKafkaConsumer - [Consumer clientId=consumer-TO.DO.UPDATE.PERMISSION-7, groupId=TO.DO.UPDATE.PERMISSION] Unsubscribed all topics or patterns and assigned partitions
2026-05-04 08:39:10 [TO.DO.UNASSIGN.ROLE.PERMISSION-0-C-1] INFO  DefaultKafkaConsumerFactory$ExtendedKafkaConsumer - [Consumer clientId=consumer-TO.DO.UNASSIGN.ROLE.PERMISSION-4, groupId=TO.DO.UNASSIGN.ROLE.PERMISSION] Unsubscribed all topics or patterns and assigned partitions
2026-05-04 08:39:10 [TO.DO.NEW.ROLE-0-C-1] INFO  DefaultKafkaConsumerFactory$ExtendedKafkaConsumer - [Consumer clientId=consumer-TO.DO.NEW.ROLE-1, groupId=TO.DO.NEW.ROLE] Unsubscribed all topics or patterns and assigned partitions
2026-05-04 08:39:10 [TO.DO.ASSIGN.ROLE.PERMISSION-0-C-1] INFO  DefaultKafkaConsumerFactory$ExtendedKafkaConsumer - [Consumer clientId=consumer-TO.DO.ASSIGN.ROLE.PERMISSION-5, groupId=TO.DO.ASSIGN.ROLE.PERMISSION] Unsubscribed all topics or patterns and assigned partitions
2026-05-04 08:39:10 [TO.DO.UPDATE.ROLE-0-C-1] INFO  DefaultKafkaConsumerFactory$ExtendedKafkaConsumer - [Consumer clientId=consumer-TO.DO.UPDATE.ROLE-6, groupId=TO.DO.UPDATE.ROLE] Unsubscribed all topics or patterns and assigned partitions
2026-05-04 08:39:10 [TO.DO.NEW.PERMISSION-0-C-1] INFO  DefaultKafkaConsumerFactory$ExtendedKafkaConsumer - [Consumer clientId=consumer-TO.DO.NEW.PERMISSION-3, groupId=TO.DO.NEW.PERMISSION] Unsubscribed all topics or patterns and assigned partitions
2026-05-04 08:39:10 [TO.DO.UPDATE.PERMISSION-0-C-1] INFO  KafkaMessageListenerContainer - TO.DO.UPDATE.PERMISSION: Consumer stopped
2026-05-04 08:39:10 [TO.DO.DELETE.ROLE-0-C-1] INFO  KafkaMessageListenerContainer - TO.DO.DELETE.ROLE: Consumer stopped
2026-05-04 08:39:10 [TO.DO.ASSIGN.ROLE.PERMISSION-0-C-1] INFO  KafkaMessageListenerContainer - TO.DO.ASSIGN.ROLE.PERMISSION: Consumer stopped
2026-05-04 08:39:10 [TO.DO.UNASSIGN.ROLE.PERMISSION-0-C-1] INFO  KafkaMessageListenerContainer - TO.DO.UNASSIGN.ROLE.PERMISSION: Consumer stopped
2026-05-04 08:39:10 [TO.DO.UPDATE.ROLE-0-C-1] INFO  KafkaMessageListenerContainer - TO.DO.UPDATE.ROLE: Consumer stopped
2026-05-04 08:39:10 [TO.DO.NEW.ROLE-0-C-1] INFO  KafkaMessageListenerContainer - TO.DO.NEW.ROLE: Consumer stopped
2026-05-04 08:39:10 [TO.DO.DELETE.PERMISSION-0-C-1] INFO  KafkaMessageListenerContainer - TO.DO.DELETE.PERMISSION: Consumer stopped
2026-05-04 08:39:10 [TO.DO.NEW.PERMISSION-0-C-1] INFO  KafkaMessageListenerContainer - TO.DO.NEW.PERMISSION: Consumer stopped
2026-05-04 08:39:10 [SpringApplicationShutdownHook] INFO  LocalContainerEntityManagerFactoryBean - Closing JPA EntityManagerFactory for persistence unit 'default'
2026-05-04 08:39:10 [SpringApplicationShutdownHook] INFO  HikariDataSource - HikariPool-1 - Shutdown initiated...
2026-05-04 08:39:10 [SpringApplicationShutdownHook] INFO  HikariDataSource - HikariPool-1 - Shutdown completed.
